// Vitest Snapshot v1, https://vitest.dev/guide/snapshot.html

exports[`tools/list guardrails > matches the tool list snapshot 1`] = `
[
  {
    "annotations": {
      "destructiveHint": false,
      "idempotentHint": true,
      "openWorldHint": false,
      "readOnlyHint": true,
      "title": "Build Context",
    },
    "description": "Everything on one topic in a call: the page's blocks, related pages, and linked references.

**Use when:** researching or explaining a topic that has a page.
**Can't find:** topics with no page (use logseq_search_blocks), or anything past the caps (see hasMore and warnings).
**Alternatives:** logseq_get_page (content only), logseq_get_concept_network (structure only).",
    "inputSchema": {
      "properties": {
        "compact": {
          "default": false,
          "description": "Block snippets and uuids, no bodies. Read one with logseq_get_block",
          "type": "boolean",
        },
        "format": {
          "description": "json (default), or markdown text. Markdown has block uuids only on search hits and with compact",
          "enum": [
            "json",
            "markdown",
          ],
          "type": "string",
        },
        "include_temporal_context": {
          "default": true,
          "description": "Include temporal context for journal pages (default: true)",
          "type": "boolean",
        },
        "max_blocks": {
          "default": 50,
          "description": "Maximum number of blocks to include (default: 50)",
          "type": "number",
        },
        "max_references": {
          "default": 20,
          "description": "Maximum number of reference blocks to include (default: 20)",
          "type": "number",
        },
        "max_related_pages": {
          "default": 10,
          "description": "Maximum number of related pages to include (default: 10)",
          "type": "number",
        },
        "resolve_refs": {
          "default": false,
          "description": "Add resolvedContent/resolvedRefs for ((uuid)) refs and {{embed}}s (depth 2)",
          "type": "boolean",
        },
        "topic_name": {
          "description": "Topic to build context for (page name, alias or ISO date)",
          "type": "string",
        },
      },
      "required": [
        "topic_name",
      ],
      "type": "object",
    },
    "name": "logseq_build_context",
    "title": "Build Context",
  },
  {
    "annotations": {
      "destructiveHint": false,
      "idempotentHint": true,
      "openWorldHint": false,
      "readOnlyHint": true,
      "title": "Check Links",
    },
    "description": "Check a [[link]] pass. ok is true only if after strips back to before, brackets balance and don't nest, every ref in before is kept, and each [[term]] names exactly one page or alias.

**Can't find:** a link to the wrong page, or a name split across a ref.",
    "inputSchema": {
      "properties": {
        "after": {
          "description": "before plus [[links]], at most 500 distinct terms",
          "maxLength": 50000,
          "type": "string",
        },
        "before": {
          "description": "Text before linking",
          "maxLength": 50000,
          "type": "string",
        },
      },
      "required": [
        "before",
        "after",
      ],
      "type": "object",
    },
    "name": "logseq_check_links",
    "title": "Check Links",
  },
  {
    "annotations": {
      "destructiveHint": false,
      "idempotentHint": true,
      "openWorldHint": false,
      "readOnlyHint": true,
      "title": "Get Backlinks",
    },
    "description": "List the pages and blocks that link to a page with [[page]] or #tag.

**Use when:** "what links to X?" or "where is X used?"
**Can't find:** plain-text mentions with no link (logseq_search_blocks) or outbound links (logseq_get_concept_network).
**Alternatives:** logseq_build_context for the page plus related pages.",
    "inputSchema": {
      "properties": {
        "page_name": {
          "description": "Page to get backlinks for (name, alias or ISO date)",
          "type": "string",
        },
      },
      "required": [
        "page_name",
      ],
      "type": "object",
    },
    "name": "logseq_get_backlinks",
    "title": "Get Backlinks",
  },
  {
    "annotations": {
      "destructiveHint": false,
      "idempotentHint": true,
      "openWorldHint": false,
      "readOnlyHint": true,
      "title": "Get Block",
    },
    "description": "Get one block by UUID, optionally with its children. UUIDs come from other results and from ((uuid)) refs in content.

**Can't find:** blocks by text (logseq_search_blocks) or by numeric id. For a whole page use logseq_get_page.",
    "inputSchema": {
      "properties": {
        "block_uuid": {
          "description": "UUID of the block to retrieve",
          "type": "string",
        },
        "format": {
          "description": "json (default), or markdown text. Markdown has block uuids only on search hits and with compact",
          "enum": [
            "json",
            "markdown",
          ],
          "type": "string",
        },
        "include_children": {
          "default": false,
          "description": "Whether to include child blocks",
          "type": "boolean",
        },
        "resolve_refs": {
          "default": false,
          "description": "Add resolvedContent/resolvedRefs for ((uuid)) refs and {{embed}}s (depth 2)",
          "type": "boolean",
        },
      },
      "required": [
        "block_uuid",
      ],
      "type": "object",
    },
    "name": "logseq_get_block",
    "title": "Get Block",
  },
  {
    "annotations": {
      "destructiveHint": false,
      "idempotentHint": true,
      "openWorldHint": false,
      "readOnlyHint": true,
      "title": "Get Concept Evolution",
    },
    "description": "Track a concept over time: blocks on its page and blocks linking to it, grouped by day, week or month, with optional date bounds.

**Use when:** "how has X evolved?" or "what's the history of Y?"
**Can't find:** plain-text mentions with no link (logseq_search_blocks), or topics with no page.
**Alternatives:** logseq_query_by_date_range for plain journal queries.",
    "inputSchema": {
      "properties": {
        "concept_name": {
          "description": "Concept to track (page name, alias or ISO date)",
          "type": "string",
        },
        "end_date": {
          "description": "Optional end date in YYYYMMDD format",
          "type": "number",
        },
        "group_by": {
          "description": "Optional grouping period",
          "enum": [
            "day",
            "week",
            "month",
          ],
          "type": "string",
        },
        "start_date": {
          "description": "Optional start date in YYYYMMDD format",
          "type": "number",
        },
      },
      "required": [
        "concept_name",
      ],
      "type": "object",
    },
    "name": "logseq_get_concept_evolution",
    "title": "Get Concept Evolution",
  },
  {
    "annotations": {
      "destructiveHint": false,
      "idempotentHint": true,
      "openWorldHint": false,
      "readOnlyHint": true,
      "title": "Get Concept Network",
    },
    "description": "Map pages linked to a concept as nodes and edges, in both link directions, up to max_depth hops. One edge per page pair, with a reference count.

**Caps:** 50 pages, 15 new per page; journal pages are shown but not expanded. If truncated is true, raise max_nodes/max_fanout or set expand_journals.
**Can't find:** unlinked pages, or what pages say (logseq_build_context).",
    "inputSchema": {
      "properties": {
        "concept_name": {
          "description": "Root concept (page name, alias or ISO date)",
          "type": "string",
        },
        "expand_journals": {
          "default": false,
          "description": "Expand through journal pages instead of treating them as leaves (default: false). Journal pages link to almost everything, so this can flood the network.",
          "type": "boolean",
        },
        "format": {
          "description": "json (default), or markdown text. Markdown has block uuids only on search hits and with compact",
          "enum": [
            "json",
            "markdown",
          ],
          "type": "string",
        },
        "max_depth": {
          "default": 2,
          "description": "Maximum depth to traverse (default: 2, max: 3)",
          "type": "number",
        },
        "max_fanout": {
          "default": 15,
          "description": "Maximum new pages any one page may add (default: 15, max: 100)",
          "type": "number",
        },
        "max_nodes": {
          "default": 50,
          "description": "Maximum pages in the network, root included (default: 50, max: 500)",
          "type": "number",
        },
      },
      "required": [
        "concept_name",
      ],
      "type": "object",
    },
    "name": "logseq_get_concept_network",
    "title": "Get Concept Network",
  },
  {
    "annotations": {
      "destructiveHint": false,
      "idempotentHint": true,
      "openWorldHint": false,
      "readOnlyHint": true,
      "title": "Get Context for Query",
    },
    "description": "Context for a natural-language question. Takes [[page]] and #tag topics from the query, else searches its first 3 words over 3 letters (max 100 hits), and builds context for each.

**Can't find:** meaning, or over 100 keyword hits (put specific words first). Topics come from links, tags or literal words, so put page names in [[brackets]].
**Alternatives:** logseq_build_context for one known topic.",
    "inputSchema": {
      "properties": {
        "compact": {
          "default": false,
          "description": "Block snippets and uuids, no bodies. Read one with logseq_get_block",
          "type": "boolean",
        },
        "format": {
          "description": "json (default), or markdown text. Markdown has block uuids only on search hits and with compact",
          "enum": [
            "json",
            "markdown",
          ],
          "type": "string",
        },
        "max_search_results": {
          "default": 20,
          "description": "Maximum number of search results for queries without explicit topics (default: 20, max: 100)",
          "type": "number",
        },
        "max_topics": {
          "default": 5,
          "description": "Maximum number of topics to extract context for (default: 5)",
          "type": "number",
        },
        "query": {
          "description": "Natural language query (can include [[page references]] and #tags)",
          "type": "string",
        },
      },
      "required": [
        "query",
      ],
      "type": "object",
    },
    "name": "logseq_get_context_for_query",
    "title": "Get Context for Query",
  },
  {
    "annotations": {
      "destructiveHint": false,
      "idempotentHint": false,
      "openWorldHint": false,
      "readOnlyHint": true,
      "title": "Get Current Context",
    },
    "description": "Get what the user is looking at in LogSeq right now: the open page, the block being edited, and any selected blocks.

**Use when:** the user says "this page", "this block" or "what I'm looking at" without naming it. Then pass the page name to logseq_build_context or logseq_get_page.

**Can't find:** anything not open right now. Returns page: null with a message when no page is open.",
    "inputSchema": {
      "properties": {},
      "required": [],
      "type": "object",
    },
    "name": "logseq_get_current_context",
    "title": "Get Current Context",
  },
  {
    "annotations": {
      "destructiveHint": false,
      "idempotentHint": true,
      "openWorldHint": false,
      "readOnlyHint": true,
      "title": "Get Graph Info",
    },
    "description": "Get the connected graph's name and filesystem path.

**Use when:** confirming which graph is attached or debugging paths.
**Can't find:** anything about content. See logseq_list_pages and logseq_build_context.",
    "inputSchema": {
      "properties": {},
      "required": [],
      "type": "object",
    },
    "name": "logseq_get_graph_info",
    "title": "Get Graph Info",
  },
  {
    "annotations": {
      "destructiveHint": false,
      "idempotentHint": true,
      "openWorldHint": false,
      "readOnlyHint": true,
      "title": "Get Page",
    },
    "description": "Get a page by name (case-insensitive). With include_children, also its blocks.

**Use when:** you know the page name.
**Can't find:** pages by keyword (logseq_search_blocks, logseq_list_pages) or what links here (logseq_get_backlinks).
**Alternatives:** logseq_build_context adds related pages and references; logseq_get_page_outline for a long page.",
    "inputSchema": {
      "properties": {
        "format": {
          "description": "json (default), or markdown text. Markdown has block uuids only on search hits and with compact",
          "enum": [
            "json",
            "markdown",
          ],
          "type": "string",
        },
        "include_children": {
          "default": false,
          "description": "Whether to include child blocks/pages",
          "type": "boolean",
        },
        "page_name": {
          "description": "Page name, alias, or ISO date (2025-01-01) for a journal",
          "type": "string",
        },
        "resolve_refs": {
          "default": false,
          "description": "Add resolvedContent/resolvedRefs for ((uuid)) refs and {{embed}}s (depth 2)",
          "type": "boolean",
        },
      },
      "required": [
        "page_name",
      ],
      "type": "object",
    },
    "name": "logseq_get_page",
    "title": "Get Page",
  },
  {
    "annotations": {
      "destructiveHint": false,
      "idempotentHint": true,
      "openWorldHint": false,
      "readOnlyHint": true,
      "title": "Get Page Outline",
    },
    "description": "List a page's top-level blocks: uuid, the first line (80 characters) and the number of children. Cheaper than logseq_get_page for a long page.

**Use when:** you need a page's shape before reading parts of it. Read the blocks you pick with logseq_get_block.
**Can't find:** nested blocks below the first level, or block text past the first line (logseq_get_block, logseq_get_page).",
    "inputSchema": {
      "properties": {
        "page_name": {
          "description": "Page name, alias, or ISO date (2025-01-01) for a journal",
          "type": "string",
        },
      },
      "required": [
        "page_name",
      ],
      "type": "object",
    },
    "name": "logseq_get_page_outline",
    "title": "Get Page Outline",
  },
  {
    "annotations": {
      "destructiveHint": false,
      "idempotentHint": true,
      "openWorldHint": false,
      "readOnlyHint": true,
      "title": "List Pages",
    },
    "description": "List non-journal page names, filtered by name_contains (substring, not fuzzy).

**Use when:** unsure which pages exist or what the user calls something.
**Can't find:** journals (logseq_query_by_date_range), block text (logseq_search_blocks), or past 200 names (use offset). Warning pages_unavailable: list unknown, not empty.
**Next:** logseq_get_page.",
    "inputSchema": {
      "properties": {
        "limit": {
          "default": 200,
          "description": "Max pages (default: 200, max: 1000)",
          "type": "number",
        },
        "name_contains": {
          "description": "Filter page names containing this text (case-insensitive)",
          "type": "string",
        },
        "offset": {
          "default": 0,
          "description": "Pages to skip, in name order; shifts if the graph changes",
          "type": "number",
        },
      },
      "required": [],
      "type": "object",
    },
    "name": "logseq_list_pages",
    "title": "List Pages",
  },
  {
    "annotations": {
      "destructiveHint": false,
      "idempotentHint": true,
      "openWorldHint": false,
      "readOnlyHint": true,
      "title": "Query by Date Range",
    },
    "description": "Query journal entries by date range, last N journals, or named period, with optional search. Give exactly one of: start_date + end_date, last_n, preset.

**Use when:** "what did I do last week?" or catching up. summary.topConcepts shows what a period was about.
**Can't find:** non-journal pages, or days with no journal.
**Alternatives:** logseq_get_concept_evolution, logseq_search_blocks.",
    "inputSchema": {
      "properties": {
        "end_date": {
          "description": "End date in YYYYMMDD format (e.g., 20251120). Needs start_date",
          "type": "number",
        },
        "include_content": {
          "default": true,
          "description": "false returns only per-day block counts and top-level snippets",
          "type": "boolean",
        },
        "last_n": {
          "description": "The N most recent journals that exist (whole number, 1+), newest first",
          "type": "number",
        },
        "preset": {
          "description": "Named period in local time; weeks run Monday to Sunday",
          "enum": [
            "today",
            "yesterday",
            "this_week",
            "last_week",
            "this_month",
            "last_month",
            "this_year",
            "year_to_date",
          ],
          "type": "string",
        },
        "resolve_refs": {
          "default": false,
          "description": "Add resolvedContent/resolvedRefs for ((uuid)) refs and {{embed}}s (depth 2)",
          "type": "boolean",
        },
        "search_term": {
          "description": "Optional search term to filter blocks",
          "type": "string",
        },
        "slim_results": {
          "default": true,
          "description": "Slim blocks (default). false returns full entities",
          "type": "boolean",
        },
        "start_date": {
          "description": "Start date in YYYYMMDD format (e.g., 20251115). Needs end_date",
          "type": "number",
        },
        "top_concepts_limit": {
          "default": 10,
          "description": "Entries in summary.topConcepts, the most-linked pages (default 10). 0 omits it",
          "type": "number",
        },
      },
      "type": "object",
    },
    "name": "logseq_query_by_date_range",
    "title": "Query by Date Range",
  },
  {
    "annotations": {
      "destructiveHint": false,
      "idempotentHint": true,
      "openWorldHint": false,
      "readOnlyHint": true,
      "title": "Query by Property",
    },
    "description": "Find blocks whose property equals a value (e.g. status::done).

**Matching:** the key as stored (created-at) or camelCase; values are exact strings ("42", "true"); a multi-value property matches if any one value equals it. Returns a flat list with the page name, no children.
**Can't find:** partial values or ranges. For text use logseq_search_blocks.",
    "inputSchema": {
      "properties": {
        "property_key": {
          "description": "Name of the property to query (letters, digits, "-" and "_"; createdAt and created-at are equivalent)",
          "type": "string",
        },
        "property_value": {
          "anyOf": [
            {
              "type": "string",
            },
            {
              "type": "number",
            },
            {
              "type": "boolean",
            },
          ],
          "description": "Value to match for the property. For multi-value properties, matches if any one value equals it",
        },
        "slim_results": {
          "default": true,
          "description": "Slim blocks (default). false returns full entities",
          "type": "boolean",
        },
      },
      "required": [
        "property_key",
        "property_value",
      ],
      "type": "object",
    },
    "name": "logseq_query_by_property",
    "title": "Query by Property",
  },
  {
    "annotations": {
      "destructiveHint": false,
      "idempotentHint": true,
      "openWorldHint": false,
      "readOnlyHint": true,
      "title": "Search Blocks",
    },
    "description": "Case-insensitive literal substring search over block content, newest first, capped by limit (max 500). Check hasMore and warnings.

**Can't find:** synonyms, stems or related words (try variants), blocks by property (logseq_query_by_property), link structure (logseq_search_by_relationship), or over 500 matches in one call (narrow the query).
**Next:** logseq_build_context on a result's page.",
    "inputSchema": {
      "properties": {
        "include_context": {
          "default": false,
          "description": "Include semantic context (page, references, tags)",
          "type": "boolean",
        },
        "limit": {
          "description": "Maximum number of results to return (default: 100, max: 500)",
          "type": "number",
        },
        "query": {
          "description": "Text to search for in block content",
          "type": "string",
        },
        "slim_results": {
          "default": true,
          "description": "Slim blocks (default). false returns full entities",
          "type": "boolean",
        },
      },
      "required": [
        "query",
      ],
      "type": "object",
    },
    "name": "logseq_search_blocks",
    "title": "Search Blocks",
  },
  {
    "annotations": {
      "destructiveHint": false,
      "idempotentHint": true,
      "openWorldHint": false,
      "readOnlyHint": true,
      "title": "Search by Relationship",
    },
    "description": "Find blocks tied to topic A by a link to topic B: references, referenced-by, in-pages-linking-to, or connected-within N hops. Both topics must be pages.

**Can't find:** relationships that exist only as plain text. Matching is on [[links]] and #tags, not words.
**Alternatives:** logseq_search_blocks (keywords), logseq_get_concept_network (overview).",
    "inputSchema": {
      "properties": {
        "max_distance": {
          "default": 2,
          "description": "Maximum graph distance for connected-within (default: 2)",
          "type": "number",
        },
        "relationship_type": {
          "description": "Type of relationship: references (blocks about A that reference B), referenced-by (blocks about A in pages referenced by B), in-pages-linking-to (blocks about A in pages linking to B), connected-within (topics connected within N hops)",
          "enum": [
            "references",
            "referenced-by",
            "in-pages-linking-to",
            "connected-within",
          ],
          "type": "string",
        },
        "topic_a": {
          "description": "Primary topic to search for (page name, alias or ISO date)",
          "type": "string",
        },
        "topic_b": {
          "description": "Related topic that defines the relationship (page name, alias or ISO date)",
          "type": "string",
        },
      },
      "required": [
        "topic_a",
        "topic_b",
        "relationship_type",
      ],
      "type": "object",
    },
    "name": "logseq_search_by_relationship",
    "title": "Search by Relationship",
  },
]
`;
